Archive member included to satisfy reference by file (symbol)

e:/stm32 folder/exe/new folder/stm32cubeide_1.7.0/stm32cubeide/plugins/com.st.stm32cube.ide.mcu.externaltools.gnu-tools-for-stm32.9-2020-q2-update.win32_2.0.0.202105311346/tools/bin/../lib/gcc/arm-none-eabi/9.3.1/../../../../arm-none-eabi/lib/thumb/v6-m/nofp\libc_nano.a(lib_a-errno.o)
                              ./Core/Src/syscalls.o (__errno)
e:/stm32 folder/exe/new folder/stm32cubeide_1.7.0/stm32cubeide/plugins/com.st.stm32cube.ide.mcu.externaltools.gnu-tools-for-stm32.9-2020-q2-update.win32_2.0.0.202105311346/tools/bin/../lib/gcc/arm-none-eabi/9.3.1/../../../../arm-none-eabi/lib/thumb/v6-m/nofp\libc_nano.a(lib_a-exit.o)
                              e:/stm32 folder/exe/new folder/stm32cubeide_1.7.0/stm32cubeide/plugins/com.st.stm32cube.ide.mcu.externaltools.gnu-tools-for-stm32.9-2020-q2-update.win32_2.0.0.202105311346/tools/bin/../lib/gcc/arm-none-eabi/9.3.1/../../../../arm-none-eabi/lib/thumb/v6-m/nofp/crt0.o (exit)
e:/stm32 folder/exe/new folder/stm32cubeide_1.7.0/stm32cubeide/plugins/com.st.stm32cube.ide.mcu.externaltools.gnu-tools-for-stm32.9-2020-q2-update.win32_2.0.0.202105311346/tools/bin/../lib/gcc/arm-none-eabi/9.3.1/../../../../arm-none-eabi/lib/thumb/v6-m/nofp\libc_nano.a(lib_a-impure.o)
                              e:/stm32 folder/exe/new folder/stm32cubeide_1.7.0/stm32cubeide/plugins/com.st.stm32cube.ide.mcu.externaltools.gnu-tools-for-stm32.9-2020-q2-update.win32_2.0.0.202105311346/tools/bin/../lib/gcc/arm-none-eabi/9.3.1/../../../../arm-none-eabi/lib/thumb/v6-m/nofp\libc_nano.a(lib_a-exit.o) (_global_impure_ptr)
e:/stm32 folder/exe/new folder/stm32cubeide_1.7.0/stm32cubeide/plugins/com.st.stm32cube.ide.mcu.externaltools.gnu-tools-for-stm32.9-2020-q2-update.win32_2.0.0.202105311346/tools/bin/../lib/gcc/arm-none-eabi/9.3.1/../../../../arm-none-eabi/lib/thumb/v6-m/nofp\libc_nano.a(lib_a-init.o)
                              e:/stm32 folder/exe/new folder/stm32cubeide_1.7.0/stm32cubeide/plugins/com.st.stm32cube.ide.mcu.externaltools.gnu-tools-for-stm32.9-2020-q2-update.win32_2.0.0.202105311346/tools/bin/../lib/gcc/arm-none-eabi/9.3.1/../../../../arm-none-eabi/lib/thumb/v6-m/nofp/crt0.o (__libc_init_array)
e:/stm32 folder/exe/new folder/stm32cubeide_1.7.0/stm32cubeide/plugins/com.st.stm32cube.ide.mcu.externaltools.gnu-tools-for-stm32.9-2020-q2-update.win32_2.0.0.202105311346/tools/bin/../lib/gcc/arm-none-eabi/9.3.1/../../../../arm-none-eabi/lib/thumb/v6-m/nofp\libc_nano.a(lib_a-memcpy-stub.o)
                              ./Drivers/STM32F0xx_HAL_Driver/Src/stm32f0xx_hal_rcc.o (memcpy)
e:/stm32 folder/exe/new folder/stm32cubeide_1.7.0/stm32cubeide/plugins/com.st.stm32cube.ide.mcu.externaltools.gnu-tools-for-stm32.9-2020-q2-update.win32_2.0.0.202105311346/tools/bin/../lib/gcc/arm-none-eabi/9.3.1/../../../../arm-none-eabi/lib/thumb/v6-m/nofp\libc_nano.a(lib_a-memset.o)
                              e:/stm32 folder/exe/new folder/stm32cubeide_1.7.0/stm32cubeide/plugins/com.st.stm32cube.ide.mcu.externaltools.gnu-tools-for-stm32.9-2020-q2-update.win32_2.0.0.202105311346/tools/bin/../lib/gcc/arm-none-eabi/9.3.1/../../../../arm-none-eabi/lib/thumb/v6-m/nofp/crt0.o (memset)
e:/stm32 folder/exe/new folder/stm32cubeide_1.7.0/stm32cubeide/plugins/com.st.stm32cube.ide.mcu.externaltools.gnu-tools-for-stm32.9-2020-q2-update.win32_2.0.0.202105311346/tools/bin/../lib/gcc/arm-none-eabi/9.3.1/thumb/v6-m/nofp\libgcc.a(_thumb1_case_sqi.o)
                              ./Drivers/STM32F0xx_HAL_Driver/Src/stm32f0xx_hal_uart.o (__gnu_thumb1_case_sqi)
e:/stm32 folder/exe/new folder/stm32cubeide_1.7.0/stm32cubeide/plugins/com.st.stm32cube.ide.mcu.externaltools.gnu-tools-for-stm32.9-2020-q2-update.win32_2.0.0.202105311346/tools/bin/../lib/gcc/arm-none-eabi/9.3.1/thumb/v6-m/nofp\libgcc.a(_thumb1_case_uqi.o)
                              ./Core/Src/uart_command.o (__gnu_thumb1_case_uqi)
e:/stm32 folder/exe/new folder/stm32cubeide_1.7.0/stm32cubeide/plugins/com.st.stm32cube.ide.mcu.externaltools.gnu-tools-for-stm32.9-2020-q2-update.win32_2.0.0.202105311346/tools/bin/../lib/gcc/arm-none-eabi/9.3.1/thumb/v6-m/nofp\libgcc.a(_thumb1_case_uhi.o)
                              ./Core/Src/main.o (__gnu_thumb1_case_uhi)
e:/stm32 folder/exe/new folder/stm32cubeide_1.7.0/stm32cubeide/plugins/com.st.stm32cube.ide.mcu.externaltools.gnu-tools-for-stm32.9-2020-q2-update.win32_2.0.0.202105311346/tools/bin/../lib/gcc/arm-none-eabi/9.3.1/thumb/v6-m/nofp\libgcc.a(_udivsi3.o)
                              ./Core/Src/main.o (__aeabi_uidiv)
e:/stm32 folder/exe/new folder/stm32cubeide_1.7.0/stm32cubeide/plugins/com.st.stm32cube.ide.mcu.externaltools.gnu-tools-for-stm32.9-2020-q2-update.win32_2.0.0.202105311346/tools/bin/../lib/gcc/arm-none-eabi/9.3.1/thumb/v6-m/nofp\libgcc.a(_divsi3.o)
                              ./Core/Src/main.o (__aeabi_idiv)
[...]
Memory Configuration

Name             Origin             Length             Attributes
RAM              0x0000000020000000 0x0000000000001000 xrw
FLASH            0x0000000008000000 0x0000000000004000 xr
*default*        0x0000000000000000 0xffffffffffffffff

Linker script and memory map

LOAD e:/stm32 folder/exe/new folder/stm32cubeide_1.7.0/stm32cubeide/plugins/com.st.stm32cube.ide.mcu.externaltools.gnu-tools-for-stm32.9-2020-q2-update.win32_2.0.0.202105311346/tools/bin/../lib/gcc/arm-none-eabi/9.3.1/thumb/v6-m/nofp/crti.o
LOAD e:/stm32 folder/exe/new folder/stm32cubeide_1.7.0/stm32cubeide/plugins/com.st.stm32cube.ide.mcu.externaltools.gnu-tools-for-stm32.9-2020-q2-update.win32_2.0.0.202105311346/tools/bin/../lib/gcc/arm-none-eabi/9.3.1/thumb/v6-m/nofp/crtbegin.o
LOAD e:/stm32 folder/exe/new folder/stm32cubeide_1.7.0/stm32cubeide/plugins/com.st.stm32cube.ide.mcu.externaltools.gnu-tools-for-stm32.9-2020-q2-update.win32_2.0.0.202105311346/tools/bin/../lib/gcc/arm-none-eabi/9.3.1/../../../../arm-none-eabi/lib/thumb/v6-m/nofp/crt0.o
LOAD ./Core/Src/gpio.o
LOAD ./Core/Src/main.o
LOAD ./Core/Src/stm32f0xx_hal_msp.o
LOAD ./Core/Src/stm32f0xx_it.o
LOAD ./Core/Src/syscalls.o
LOAD ./Core/Src/sysmem.o
LOAD ./Core/Src/system_stm32f0xx.o
LOAD ./Core/Src/uart_command.o
LOAD ./Core/Startup/startup_stm32f030f4px.o
LOAD ./Drivers/STM32F0xx_HAL_Driver/Src/stm32f0xx_hal.o
LOAD ./Drivers/STM32F0xx_HAL_Driver/Src/stm32f0xx_hal_cortex.o
LOAD ./Drivers/STM32F0xx_HAL_Driver/Src/stm32f0xx_hal_dma.o
LOAD ./Drivers/STM32F0xx_HAL_Driver/Src/stm32f0xx_hal_exti.o
LOAD ./Drivers/STM32F0xx_HAL_Driver/Src/stm32f0xx_hal_flash.o
LOAD ./Drivers/STM32F0xx_HAL_Driver/Src/stm32f0xx_hal_flash_ex.o
LOAD ./Drivers/STM32F0xx_HAL_Driver/Src/stm32f0xx_hal_gpio.o
LOAD ./Drivers/STM32F0xx_HAL_Driver/Src/stm32f0xx_hal_i2c.o
LOAD ./Drivers/STM32F0xx_HAL_Driver/Src/stm32f0xx_hal_i2c_ex.o
LOAD ./Drivers/STM32F0xx_HAL_Driver/Src/stm32f0xx_hal_pwr.o
LOAD ./Drivers/STM32F0xx_HAL_Driver/Src/stm32f0xx_hal_pwr_ex.o
LOAD ./Drivers/STM32F0xx_HAL_Driver/Src/stm32f0xx_hal_rcc.o
LOAD ./Drivers/STM32F0xx_HAL_Driver/Src/stm32f0xx_hal_rcc_ex.o
LOAD ./Drivers/STM32F0xx_HAL_Driver/Src/stm32f0xx_hal_tim.o
LOAD ./Drivers/STM32F0xx_HAL_Driver/Src/stm32f0xx_hal_tim_ex.o
LOAD ./Drivers/STM32F0xx_HAL_Driver/Src/stm32f0xx_hal_uart.o
LOAD ./Drivers/STM32F0xx_HAL_Driver/Src/stm32f0xx_hal_uart_ex.o
START GROUP
LOAD e:/stm32 folder/exe/new folder/stm32cubeide_1.7.0/stm32cubeide/plugins/com.st.stm32cube.ide.mcu.externaltools.gnu-tools-for-stm32.9-2020-q2-update.win32_2.0.0.202105311346/tools/bin/../lib/gcc/arm-none-eabi/9.3.1/../../../../arm-none-eabi/lib/thumb/v6-m/nofp\libc_nano.a
LOAD e:/stm32 folder/exe/new folder/stm32cubeide_1.7.0/stm32cubeide/plugins/com.st.stm32cube.ide.mcu.externaltools.gnu-tools-for-stm32.9-2020-q2-update.win32_2.0.0.202105311346/tools/bin/../lib/gcc/arm-none-eabi/9.3.1/../../../../arm-none-eabi/lib/thumb/v6-m/nofp\libm.a
END GROUP
START GROUP
LOAD e:/stm32 folder/exe/new folder/stm32cubeide_1.7.0/stm32cubeide/plugins/com.st.stm32cube.ide.mcu.externaltools.gnu-tools-for-stm32.9-2020-q2-update.win32_2.0.0.202105311346/tools/bin/../lib/gcc/arm-none-eabi/9.3.1/thumb/v6-m/nofp\libgcc.a
LOAD e:/stm32 folder/exe/new folder/stm32cubeide_1.7.0/stm32cubeide/plugins/com.st.stm32cube.ide.mcu.externaltools.gnu-tools-for-stm32.9-2020-q2-update.win32_2.0.0.202105311346/tools/bin/../lib/gcc/arm-none-eabi/9.3.1/../../../../arm-none-eabi/lib/thumb/v6-m/nofp\libc_nano.a
END GROUP
START GROUP
LOAD e:/stm32 folder/exe/new folder/stm32cubeide_1.7.0/stm32cubeide/plugins/com.st.stm32cube.ide.mcu.externaltools.gnu-tools-for-stm32.9-2020-q2-update.win32_2.0.0.202105311346/tools/bin/../lib/gcc/arm-none-eabi/9.3.1/thumb/v6-m/nofp\libgcc.a
LOAD e:/stm32 folder/exe/new folder/stm32cubeide_1.7.0/stm32cubeide/plugins/com.st.stm32cube.ide.mcu.externaltools.gnu-tools-for-stm32.9-2020-q2-update.win32_2.0.0.202105311346/tools/bin/../lib/gcc/arm-none-eabi/9.3.1/../../../../arm-none-eabi/lib/thumb/v6-m/nofp\libc_nano.a
LOAD e:/stm32 folder/exe/new folder/stm32cubeide_1.7.0/stm32cubeide/plugins/com.st.stm32cube.ide.mcu.externaltools.gnu-tools-for-stm32.9-2020-q2-update.win32_2.0.0.202105311346/tools/bin/../lib/gcc/arm-none-eabi/9.3.1/../../../../arm-none-eabi/lib/thumb/v6-m/nofp\libnosys.a
END GROUP
START GROUP
LOAD e:/stm32 folder/exe/new folder/stm32cubeide_1.7.0/stm32cubeide/plugins/com.st.stm32cube.ide.mcu.externaltools.gnu-tools-for-stm32.9-2020-q2-update.win32_2.0.0.202105311346/tools/bin/../lib/gcc/arm-none-eabi/9.3.1/thumb/v6-m/nofp\libgcc.a
LOAD e:/stm32 folder/exe/new folder/stm32cubeide_1.7.0/stm32cubeide/plugins/com.st.stm32cube.ide.mcu.externaltools.gnu-tools-for-stm32.9-2020-q2-update.win32_2.0.0.202105311346/tools/bin/../lib/gcc/arm-none-eabi/9.3.1/../../../../arm-none-eabi/lib/thumb/v6-m/nofp\libc_nano.a
LOAD e:/stm32 folder/exe/new folder/stm32cubeide_1.7.0/stm32cubeide/plugins/com.st.stm32cube.ide.mcu.externaltools.gnu-tools-for-stm32.9-2020-q2-update.win32_2.0.0.202105311346/tools/bin/../lib/gcc/arm-none-eabi/9.3.1/../../../../arm-none-eabi/lib/thumb/v6-m/nofp\libnosys.a
END GROUP
LOAD e:/stm32 folder/exe/new folder/stm32cubeide_1.7.0/stm32cubeide/plugins/com.st.stm32cube.ide.mcu.externaltools.gnu-tools-for-stm32.9-2020-q2-update.win32_2.0.0.202105311346/tools/bin/../lib/gcc/arm-none-eabi/9.3.1/thumb/v6-m/nofp/crtend.o
LOAD e:/stm32 folder/exe/new folder/stm32cubeide_1.7.0/stm32cubeide/plugins/com.st.stm32cube.ide.mcu.externaltools.gnu-tools-for-stm32.9-2020-q2-update.win32_2.0.0.202105311346/tools/bin/../lib/gcc/arm-none-eabi/9.3.1/thumb/v6-m/nofp/crtn.o
                0x0000000020001000                _estack = (ORIGIN (RAM) + LENGTH (RAM))
                0x0000000000000200                _Min_Heap_Size = 0x200
                0x0000000000000400                _Min_Stack_Size = 0x400

.isr_vector     0x0000000008000000       0xc0
                0x0000000008000000                . = ALIGN (0x4)
 *(.isr_vector)
 .isr_vector    0x0000000008000000       0xc0 ./Core/Startup/startup_stm32f030f4px.o
                0x0000000008000000                g_pfnVectors
                0x00000000080000c0                . = ALIGN (0x4)

.text           0x00000000080000c0     0x2338
                0x00000000080000c0                . = ALIGN (0x4)
 *(.text)
 .text          0x00000000080000c0       0x48 e:/stm32 folder/exe/new folder/stm32cubeide_1.7.0/stm32cubeide/plugins/com.st.stm32cube.ide.mcu.externaltools.gnu-tools-for-stm32.9-2020-q2-update.win32_2.0.0.202105311346/tools/bin/../lib/gcc/arm-none-eabi/9.3.1/thumb/v6-m/nofp/crtbegin.o
 .text          0x0000000008000108       0x14 e:/stm32 folder/exe/new folder/stm32cubeide_1.7.0/stm32cubeide/plugins/com.st.stm32cube.ide.mcu.externaltools.gnu-tools-for-stm32.9-2020-q2-update.win32_2.0.0.202105311346/tools/bin/../lib/gcc/arm-none-eabi/9.3.1/thumb/v6-m/nofp\libgcc.a(_thumb1_case_sqi.o)
                0x0000000008000108                __gnu_thumb1_case_sqi
 .text          0x000000000800011c       0x14 e:/stm32 folder/exe/new folder/stm32cubeide_1.7.0/stm32cubeide/plugins/com.st.stm32cube.ide.mcu.externaltools.gnu-tools-for-stm32.9-2020-q2-update.win32_2.0.0.202105311346/tools/bin/../lib/gcc/arm-none-eabi/9.3.1/thumb/v6-m/nofp\libgcc.a(_thumb1_case_uqi.o)
                0x000000000800011c                __gnu_thumb1_case_uqi
 .text          0x0000000008000130       0x14 e:/stm32 folder/exe/new folder/stm32cubeide_1.7.0/stm32cubeide/plugins/com.st.stm32cube.ide.mcu.externaltools.gnu-tools-for-stm32.9-2020-q2-update.win32_2.0.0.202105311346/tools/bin/../lib/gcc/arm-none-eabi/9.3.1/thumb/v6-m/nofp\libgcc.a(_thumb1_case_uhi.o)
                0x0000000008000130                __gnu_thumb1_case_uhi
 .text          0x0000000008000144      0x114 e:/stm32 folder/exe/new folder/stm32cubeide_1.7.0/stm32cubeide/plugins/com.st.stm32cube.ide.mcu.externaltools.gnu-tools-for-stm32.9-2020-q2-update.win32_2.0.0.202105311346/tools/bin/../lib/gcc/arm-none-eabi/9.3.1/thumb/v6-m/nofp\libgcc.a(_udivsi3.o)
                0x0000000008000144                __aeabi_uidiv
                0x0000000008000144                __udivsi3
                0x0000000008000250                __aeabi_uidivmod
 .text          0x0000000008000258        0x4 e:/stm32 folder/exe/new folder/stm32cubeide_1.7.0/stm32cubeide/plugins/com.st.stm32cube.ide.mcu.externaltools.gnu-tools-for-stm32.9-2020-q2-update.win32_2.0.0.202105311346/tools/bin/../lib/gcc/arm-none-eabi/9.3.1/thumb/v6-m/nofp\libgcc.a(_dvmd_tls.o)
                0x0000000008000258                __aeabi_idiv0
                0x0000000008000258                __aeabi_ldiv0
 *(.text*)
 .text.Btn_read.part.0
                0x000000000800025c       0x18 ./Core/Src/main.o
 .text.gpio_SetPin.part.0
                0x0000000008000274       0x10 ./Core/Src/main.o
 .text.Valve_control.part.0
                0x0000000008000284       0x38 ./Core/Src/main.o
 .text.memcopy  0x00000000080002bc       0x12 ./Core/Src/main.o
                0x00000000080002bc                memcopy
 *fill*         0x00000000080002ce        0x2 
 .text.HAL_UART_RxCpltCallback
                0x00000000080002d0       0xd0 ./Core/Src/main.o
                0x00000000080002d0                HAL_UART_RxCpltCallback
 .text.Flow_meter_cal
                0x00000000080003a0       0x2c ./Core/Src/main.o
                0x00000000080003a0                Flow_meter_cal
 .text.HAL_GPIO_EXTI_Callback
                0x00000000080003cc       0x38 ./Core/Src/main.o
                0x00000000080003cc                HAL_GPIO_EXTI_Callback
 .text.SystemClock_Config
                0x0000000008000404       0x64 ./Core/Src/main.o
                0x0000000008000404                SystemClock_Config
 .text.Btn_read
                0x0000000008000468       0x24 ./Core/Src/main.o
                0x0000000008000468                Btn_read
 .text.gpio_SetPin
                0x000000000800048c       0x20 ./Core/Src/main.o
                0x000000000800048c                gpio_SetPin
 .text.Valve_control
                0x00000000080004ac       0x4c ./Core/Src/main.o
                0x00000000080004ac                Valve_control
 .text.State    0x00000000080004f8      0x3f0 ./Core/Src/main.o
                0x00000000080004f8                State
 .text.startup.main
                0x00000000080008e8      0x198 ./Core/Src/main.o
                0x00000000080008e8                main
 .text.HAL_MspInit
                0x0000000008000a80       0x30 ./Core/Src/stm32f0xx_hal_msp.o
                0x0000000008000a80                HAL_MspInit
 .text.HAL_TIM_Base_MspInit
                0x0000000008000ab0       0x2c ./Core/Src/stm32f0xx_hal_msp.o
                0x0000000008000ab0                HAL_TIM_Base_MspInit
 .text.HAL_UART_MspInit
                0x0000000008000adc       0x7c ./Core/Src/stm32f0xx_hal_msp.o
                0x0000000008000adc                HAL_UART_MspInit
 .text.NMI_Handler
                0x0000000008000b58        0x2 ./Core/Src/stm32f0xx_it.o
                0x0000000008000b58                NMI_Handler
 .text.HardFault_Handler
                0x0000000008000b5a        0x2 ./Core/Src/stm32f0xx_it.o
                0x0000000008000b5a                HardFault_Handler
 .text.SVC_Handler
                0x0000000008000b5c        0x2 ./Core/Src/stm32f0xx_it.o
                0x0000000008000b5c                SVC_Handler
 .text.PendSV_Handler
                0x0000000008000b5e        0x2 ./Core/Src/stm32f0xx_it.o
                0x0000000008000b5e                PendSV_Handler
 .text.SysTick_Handler
                0x0000000008000b60        0x8 ./Core/Src/stm32f0xx_it.o
                0x0000000008000b60                SysTick_Handler
 .text.EXTI0_1_IRQHandler
                0x0000000008000b68       0x10 ./Core/Src/stm32f0xx_it.o
                0x0000000008000b68                EXTI0_1_IRQHandler
 .text.USART1_IRQHandler
                0x0000000008000b78       0x10 ./Core/Src/stm32f0xx_it.o
                0x0000000008000b78                USART1_IRQHandler
 .text.SystemInit
                0x0000000008000b88        0x2 ./Core/Src/system_stm32f0xx.o
                0x0000000008000b88                SystemInit
 *fill*         0x0000000008000b8a        0x2 
 .text.ZW_UART_transmit
                0x0000000008000b8c       0x74 ./Core/Src/uart_command.o
                0x0000000008000b8c                ZW_UART_transmit
 .text.uart_check_protocol
                0x0000000008000c00       0xc0 ./Core/Src/uart_command.o
                0x0000000008000c00                uart_check_protocol
 .text.Reset_Handler
                0x0000000008000cc0       0x50 ./Core/Startup/startup_stm32f030f4px.o
                0x0000000008000cc0                Reset_Handler
 .text.Default_Handler
                0x0000000008000d10        0x2 ./Core/Startup/startup_stm32f030f4px.o
                0x0000000008000d10                TIM1_CC_IRQHandler
                0x0000000008000d10                I2C1_IRQHandler
                0x0000000008000d10                SPI1_IRQHandler
                0x0000000008000d10                EXTI2_3_IRQHandler
                0x0000000008000d10                ADC1_IRQHandler
                0x0000000008000d10                TIM17_IRQHandler
                0x0000000008000d10                RTC_IRQHandler
                0x0000000008000d10                TIM16_IRQHandler
                0x0000000008000d10                TIM3_IRQHandler
                0x0000000008000d10                EXTI4_15_IRQHandler
                0x0000000008000d10                RCC_IRQHandler
                0x0000000008000d10                DMA1_Channel1_IRQHandler
                0x0000000008000d10                Default_Handler
                0x0000000008000d10                TIM14_IRQHandler
                0x0000000008000d10                DMA1_Channel4_5_IRQHandler
                0x0000000008000d10                WWDG_IRQHandler
                0x0000000008000d10                DMA1_Channel2_3_IRQHandler
                0x0000000008000d10                FLASH_IRQHandler
                0x0000000008000d10                TIM1_BRK_UP_TRG_COM_IRQHandler
 *fill*         0x0000000008000d12        0x2 
 .text.HAL_InitTick
                0x0000000008000d14       0x48 ./Drivers/STM32F0xx_HAL_Driver/Src/stm32f0xx_hal.o
                0x0000000008000d14                HAL_InitTick
 .text.HAL_Init
                0x0000000008000d5c       0x20 ./Drivers/STM32F0xx_HAL_Driver/Src/stm32f0xx_hal.o
                0x0000000008000d5c                HAL_Init
 .text.HAL_IncTick
                0x0000000008000d7c       0x18 ./Drivers/STM32F0xx_HAL_Driver/Src/stm32f0xx_hal.o
                0x0000000008000d7c                HAL_IncTick
 .text.HAL_GetTick
                0x0000000008000d94        0xc ./Drivers/STM32F0xx_HAL_Driver/Src/stm32f0xx_hal.o
                0x0000000008000d94                HAL_GetTick
 .text.HAL_Delay
                0x0000000008000da0       0x24 ./Drivers/STM32F0xx_HAL_Driver/Src/stm32f0xx_hal.o
                0x0000000008000da0                HAL_Delay
 .text.HAL_NVIC_SetPriority
                0x0000000008000dc4       0x54 ./Drivers/STM32F0xx_HAL_Driver/Src/stm32f0xx_hal_cortex.o
                0x0000000008000dc4                HAL_NVIC_SetPriority
 .text.HAL_NVIC_EnableIRQ
                0x0000000008000e18       0x18 ./Drivers/STM32F0xx_HAL_Driver/Src/stm32f0xx_hal_cortex.o
                0x0000000008000e18                HAL_NVIC_EnableIRQ
 .text.HAL_SYSTICK_Config
                0x0000000008000e30       0x34 ./Drivers/STM32F0xx_HAL_Driver/Src/stm32f0xx_hal_cortex.o
                0x0000000008000e30                HAL_SYSTICK_Config
 .text.HAL_DMA_Abort
                0x0000000008000e64       0x3c ./Drivers/STM32F0xx_HAL_Driver/Src/stm32f0xx_hal_dma.o
                0x0000000008000e64                HAL_DMA_Abort
 .text.HAL_DMA_Abort_IT
                0x0000000008000ea0       0x46 ./Drivers/STM32F0xx_HAL_Driver/Src/stm32f0xx_hal_dma.o
                0x0000000008000ea0                HAL_DMA_Abort_IT
 *fill*         0x0000000008000ee6        0x2 
 .text.HAL_GPIO_Init
                0x0000000008000ee8      0x16c ./Drivers/STM32F0xx_HAL_Driver/Src/stm32f0xx_hal_gpio.o
                0x0000000008000ee8                HAL_GPIO_Init
 .text.HAL_GPIO_ReadPin
                0x0000000008001054        0xc ./Drivers/STM32F0xx_HAL_Driver/Src/stm32f0xx_hal_gpio.o
                0x0000000008001054                HAL_GPIO_ReadPin
 .text.HAL_GPIO_WritePin
                0x0000000008001060        0xc ./Drivers/STM32F0xx_HAL_Driver/Src/stm32f0xx_hal_gpio.o
                0x0000000008001060                HAL_GPIO_WritePin
 .text.HAL_GPIO_EXTI_IRQHandler
                0x000000000800106c       0x18 ./Drivers/STM32F0xx_HAL_Driver/Src/stm32f0xx_hal_gpio.o
                0x000000000800106c                HAL_GPIO_EXTI_IRQHandler
 .text.HAL_RCC_OscConfig
                0x0000000008001084      0x400 ./Drivers/STM32F0xx_HAL_Driver/Src/stm32f0xx_hal_rcc.o
                0x0000000008001084                HAL_RCC_OscConfig
 .text.HAL_RCC_GetSysClockFreq
                0x0000000008001484       0x64 ./Drivers/STM32F0xx_HAL_Driver/Src/stm32f0xx_hal_rcc.o
                0x0000000008001484                HAL_RCC_GetSysClockFreq
 .text.HAL_RCC_ClockConfig
                0x00000000080014e8      0x108 ./Drivers/STM32F0xx_HAL_Driver/Src/stm32f0xx_hal_rcc.o
                0x00000000080014e8                HAL_RCC_ClockConfig
 .text.HAL_RCC_GetPCLK1Freq
                0x00000000080015f0       0x20 ./Drivers/STM32F0xx_HAL_Driver/Src/stm32f0xx_hal_rcc.o
                0x00000000080015f0                HAL_RCC_GetPCLK1Freq
 .text.HAL_RCCEx_PeriphCLKConfig
                0x0000000008001610      0x10c ./Drivers/STM32F0xx_HAL_Driver/Src/stm32f0xx_hal_rcc_ex.o
                0x0000000008001610                HAL_RCCEx_PeriphCLKConfig
 .text.HAL_TIM_Base_Start
                0x000000000800171c       0x48 ./Drivers/STM32F0xx_HAL_Driver/Src/stm32f0xx_hal_tim.o
                0x000000000800171c                HAL_TIM_Base_Start
 .text.HAL_TIM_Base_Stop
                0x0000000008001764       0x2c ./Drivers/STM32F0xx_HAL_Driver/Src/stm32f0xx_hal_tim.o
                0x0000000008001764                HAL_TIM_Base_Stop
 .text.TIM_Base_SetConfig
                0x0000000008001790       0x80 ./Drivers/STM32F0xx_HAL_Driver/Src/stm32f0xx_hal_tim.o
                0x0000000008001790                TIM_Base_SetConfig
 .text.HAL_TIM_Base_Init
                0x0000000008001810       0x50 ./Drivers/STM32F0xx_HAL_Driver/Src/stm32f0xx_hal_tim.o
                0x0000000008001810                HAL_TIM_Base_Init
 .text.TIM_ETR_SetConfig
                0x0000000008001860       0x18 ./Drivers/STM32F0xx_HAL_Driver/Src/stm32f0xx_hal_tim.o
                0x0000000008001860                TIM_ETR_SetConfig
 .text.HAL_TIM_ConfigClockSource
                0x0000000008001878      0x140 ./Drivers/STM32F0xx_HAL_Driver/Src/stm32f0xx_hal_tim.o
                0x0000000008001878                HAL_TIM_ConfigClockSource
 .text.HAL_TIMEx_MasterConfigSynchronization
                0x00000000080019b8       0x50 ./Drivers/STM32F0xx_HAL_Driver/Src/stm32f0xx_hal_tim_ex.o
                0x00000000080019b8                HAL_TIMEx_MasterConfigSynchronization
 .text.UART_EndRxTransfer
                0x0000000008001a08       0x5c ./Drivers/STM32F0xx_HAL_Driver/Src/stm32f0xx_hal_uart.o
 .text.HAL_UART_TxCpltCallback
                0x0000000008001a64        0x2 ./Drivers/STM32F0xx_HAL_Driver/Src/stm32f0xx_hal_uart.o
                0x0000000008001a64                HAL_UART_TxCpltCallback
 .text.HAL_UART_ErrorCallback
                0x0000000008001a66        0x2 ./Drivers/STM32F0xx_HAL_Driver/Src/stm32f0xx_hal_uart.o
                0x0000000008001a66                HAL_UART_ErrorCallback
 .text.UART_DMAAbortOnError
                0x0000000008001a68       0x16 ./Drivers/STM32F0xx_HAL_Driver/Src/stm32f0xx_hal_uart.o
 .text.HAL_UARTEx_RxEventCallback
                0x0000000008001a7e        0x2 ./Drivers/STM32F0xx_HAL_Driver/Src/stm32f0xx_hal_uart.o
                0x0000000008001a7e                HAL_UARTEx_RxEventCallback
 .text.HAL_UART_IRQHandler
                0x0000000008001a80      0x298 ./Drivers/STM32F0xx_HAL_Driver/Src/stm32f0xx_hal_uart.o
                0x0000000008001a80                HAL_UART_IRQHandler
 .text.UART_RxISR_8BIT.part.0
                0x0000000008001d18       0x74 ./Drivers/STM32F0xx_HAL_Driver/Src/stm32f0xx_hal_uart.o
 .text.UART_RxISR_16BIT
                0x0000000008001d8c       0x3e ./Drivers/STM32F0xx_HAL_Driver/Src/stm32f0xx_hal_uart.o
 .text.UART_RxISR_8BIT
                0x0000000008001dca       0x40 ./Drivers/STM32F0xx_HAL_Driver/Src/stm32f0xx_hal_uart.o
 *fill*         0x0000000008001e0a        0x2 
 .text.UART_SetConfig
                0x0000000008001e0c      0x118 ./Drivers/STM32F0xx_HAL_Driver/Src/stm32f0xx_hal_uart.o
                0x0000000008001e0c                UART_SetConfig
 .text.UART_AdvFeatureConfig
                0x0000000008001f24       0xd0 ./Drivers/STM32F0xx_HAL_Driver/Src/stm32f0xx_hal_uart.o
                0x0000000008001f24                UART_AdvFeatureConfig
 .text.UART_WaitOnFlagUntilTimeout
                0x0000000008001ff4       0xc4 ./Drivers/STM32F0xx_HAL_Driver/Src/stm32f0xx_hal_uart.o
                0x0000000008001ff4                UART_WaitOnFlagUntilTimeout
 .text.HAL_UART_Transmit
                0x00000000080020b8       0xe2 ./Drivers/STM32F0xx_HAL_Driver/Src/stm32f0xx_hal_uart.o
                0x00000000080020b8                HAL_UART_Transmit
 *fill*         0x000000000800219a        0x2 
 .text.UART_CheckIdleState
                0x000000000800219c       0x64 ./Drivers/STM32F0xx_HAL_Driver/Src/stm32f0xx_hal_uart.o
                0x000000000800219c                UART_CheckIdleState
 .text.HAL_UART_Init
                0x0000000008002200       0x64 ./Drivers/STM32F0xx_HAL_Driver/Src/stm32f0xx_hal_uart.o
                0x0000000008002200                HAL_UART_Init
 .text.UART_Start_Receive_IT
                0x0000000008002264       0xa4 ./Drivers/STM32F0xx_HAL_Driver/Src/stm32f0xx_hal_uart.o
                0x0000000008002264                UART_Start_Receive_IT
 .text.HAL_UART_Receive_IT
                0x0000000008002308       0x6a ./Drivers/STM32F0xx_HAL_Driver/Src/stm32f0xx_hal_uart.o
                0x0000000008002308                HAL_UART_Receive_IT
 *fill*         0x0000000008002372        0x2 
 .text.__libc_init_array
                0x0000000008002374       0x48 e:/stm32 folder/exe/new folder/stm32cubeide_1.7.0/stm32cubeide/plugins/com.st.stm32cube.ide.mcu.externaltools.gnu-tools-for-stm32.9-2020-q2-update.win32_2.0.0.202105311346/tools/bin/../lib/gcc/arm-none-eabi/9.3.1/../../../../arm-none-eabi/lib/thumb/v6-m/nofp\libc_nano.a(lib_a-init.o)
                0x0000000008002374                __libc_init_array
 .text.memcpy   0x00000000080023bc       0x12 e:/stm32 folder/exe/new folder/stm32cubeide_1.7.0/stm32cubeide/plugins/com.st.stm32cube.ide.mcu.externaltools.gnu-tools-for-stm32.9-2020-q2-update.win32_2.0.0.202105311346/tools/bin/../lib/gcc/arm-none-eabi/9.3.1/../../../../arm-none-eabi/lib/thumb/v6-m/nofp\libc_nano.a(lib_a-memcpy-stub.o)
                0x00000000080023bc                memcpy
 .text.memset   0x00000000080023ce       0x10 e:/stm32 folder/exe/new folder/stm32cubeide_1.7.0/stm32cubeide/plugins/com.st.stm32cube.ide.mcu.externaltools.gnu-tools-for-stm32.9-2020-q2-update.win32_2.0.0.202105311346/tools/bin/../lib/gcc/arm-none-eabi/9.3.1/../../../../arm-none-eabi/lib/thumb/v6-m/nofp\libc_nano.a(lib_a-memset.o)
                0x00000000080023ce                memset
 *(.glue_7)
 .glue_7        0x00000000080023de        0x0 linker stubs
 *(.glue_7t)
 .glue_7t       0x00000000080023de        0x0 linker stubs
 *(.eh_frame)
 *fill*         0x00000000080023de        0x2 
 .eh_frame      0x00000000080023e0        0x0 e:/stm32 folder/exe/new folder/stm32cubeide_1.7.0/stm32cubeide/plugins/com.st.stm32cube.ide.mcu.externaltools.gnu-tools-for-stm32.9-2020-q2-update.win32_2.0.0.202105311346/tools/bin/../lib/gcc/arm-none-eabi/9.3.1/thumb/v6-m/nofp/crtbegin.o
 *(.init)
 .init          0x00000000080023e0        0x4 e:/stm32 folder/exe/new folder/stm32cubeide_1.7.0/stm32cubeide/plugins/com.st.stm32cube.ide.mcu.externaltools.gnu-tools-for-stm32.9-2020-q2-update.win32_2.0.0.202105311346/tools/bin/../lib/gcc/arm-none-eabi/9.3.1/thumb/v6-m/nofp/crti.o
                0x00000000080023e0                _init
 .init          0x00000000080023e4        0x8 e:/stm32 folder/exe/new folder/stm32cubeide_1.7.0/stm32cubeide/plugins/com.st.stm32cube.ide.mcu.externaltools.gnu-tools-for-stm32.9-2020-q2-update.win32_2.0.0.202105311346/tools/bin/../lib/gcc/arm-none-eabi/9.3.1/thumb/v6-m/nofp/crtn.o
 *(.fini)
 .fini          0x00000000080023ec        0x4 e:/stm32 folder/exe/new folder/stm32cubeide_1.7.0/stm32cubeide/plugins/com.st.stm32cube.ide.mcu.externaltools.gnu-tools-for-stm32.9-2020-q2-update.win32_2.0.0.202105311346/tools/bin/../lib/gcc/arm-none-eabi/9.3.1/thumb/v6-m/nofp/crti.o
                0x00000000080023ec                _fini
 .fini          0x00000000080023f0        0x8 e:/stm32 folder/exe/new folder/stm32cubeide_1.7.0/stm32cubeide/plugins/com.st.stm32cube.ide.mcu.externaltools.gnu-tools-for-stm32.9-2020-q2-update.win32_2.0.0.202105311346/tools/bin/../lib/gcc/arm-none-eabi/9.3.1/thumb/v6-m/nofp/crtn.o
                0x00000000080023f8                . = ALIGN (0x4)
                0x00000000080023f8                _etext = .

.vfp11_veneer   0x00000000080023f8        0x0
 .vfp11_veneer  0x00000000080023f8        0x0 linker stubs

.v4_bx          0x00000000080023f8        0x0
 .v4_bx         0x00000000080023f8        0x0 linker stubs

.iplt           0x00000000080023f8        0x0
 .iplt          0x00000000080023f8        0x0 e:/stm32 folder/exe/new folder/stm32cubeide_1.7.0/stm32cubeide/plugins/com.st.stm32cube.ide.mcu.externaltools.gnu-tools-for-stm32.9-2020-q2-update.win32_2.0.0.202105311346/tools/bin/../lib/gcc/arm-none-eabi/9.3.1/thumb/v6-m/nofp/crtbegin.o

.rodata         0x00000000080023f8       0x40
                0x00000000080023f8                . = ALIGN (0x4)
 *(.rodata)
 *(.rodata*)
 .rodata.AHBPrescTable
                0x00000000080023f8       0x10 ./Core/Src/system_stm32f0xx.o
                0x00000000080023f8                AHBPrescTable
 .rodata.APBPrescTable
                0x0000000008002408        0x8 ./Core/Src/system_stm32f0xx.o
                0x0000000008002408                APBPrescTable
 .rodata.HAL_RCC_GetSysClockFreq.str1.1
                0x0000000008002410       0x22 ./Drivers/STM32F0xx_HAL_Driver/Src/stm32f0xx_hal_rcc.o
 .rodata.CSWTCH.58
                0x0000000008002432        0x3 ./Drivers/STM32F0xx_HAL_Driver/Src/stm32f0xx_hal_uart.o
                0x0000000008002438                . = ALIGN (0x4)
 *fill*         0x0000000008002435        0x3 

.rel.dyn        0x0000000008002438        0x0
 .rel.iplt      0x0000000008002438        0x0 e:/stm32 folder/exe/new folder/stm32cubeide_1.7.0/stm32cubeide/plugins/com.st.stm32cube.ide.mcu.externaltools.gnu-tools-for-stm32.9-2020-q2-update.win32_2.0.0.202105311346/tools/bin/../lib/gcc/arm-none-eabi/9.3.1/thumb/v6-m/nofp/crtbegin.o

.ARM.extab      0x0000000008002438        0x0
                0x0000000008002438                . = ALIGN (0x4)
 *(.ARM.extab* .gnu.linkonce.armextab.*)
                0x0000000008002438                . = ALIGN (0x4)

.ARM            0x0000000008002438        0x0
                0x0000000008002438                . = ALIGN (0x4)
                0x0000000008002438                __exidx_start = .
 *(.ARM.exidx*)
                0x0000000008002438                __exidx_end = .
                0x0000000008002438                . = ALIGN (0x4)

.preinit_array  0x0000000008002438        0x0
                0x0000000008002438                . = ALIGN (0x4)
                0x0000000008002438                PROVIDE (__preinit_array_start = .)
 *(.preinit_array*)
                0x0000000008002438                PROVIDE (__preinit_array_end = .)
                0x0000000008002438                . = ALIGN (0x4)

.init_array     0x0000000008002438        0x4
                0x0000000008002438                . = ALIGN (0x4)
                0x0000000008002438                PROVIDE (__init_array_start = .)
 *(SORT_BY_NAME(.init_array.*))
 *(.init_array*)
 .init_array    0x0000000008002438        0x4 e:/stm32 folder/exe/new folder/stm32cubeide_1.7.0/stm32cubeide/plugins/com.st.stm32cube.ide.mcu.externaltools.gnu-tools-for-stm32.9-2020-q2-update.win32_2.0.0.202105311346/tools/bin/../lib/gcc/arm-none-eabi/9.3.1/thumb/v6-m/nofp/crtbegin.o
                0x000000000800243c                PROVIDE (__init_array_end = .)
                0x000000000800243c                . = ALIGN (0x4)

.fini_array     0x000000000800243c        0x4
                0x000000000800243c                . = ALIGN (0x4)
                [!provide]                        PROVIDE (__fini_array_start = .)
 *(SORT_BY_NAME(.fini_array.*))
 *(.fini_array*)
 .fini_array    0x000000000800243c        0x4 e:/stm32 folder/exe/new folder/stm32cubeide_1.7.0/stm32cubeide/plugins/com.st.stm32cube.ide.mcu.externaltools.gnu-tools-for-stm32.9-2020-q2-update.win32_2.0.0.202105311346/tools/bin/../lib/gcc/arm-none-eabi/9.3.1/thumb/v6-m/nofp/crtbegin.o
                [!provide]                        PROVIDE (__fini_array_end = .)
                0x0000000008002440                . = ALIGN (0x4)
                0x0000000008002440                _sidata = LOADADDR (.data)

.data           0x0000000020000000       0x10 load address 0x0000000008002440
                0x0000000020000000                . = ALIGN (0x4)
                0x0000000020000000                _sdata = .
 *(.data)
 *(.data*)
 .data.next_state
                0x0000000020000000        0x1 ./Core/Src/main.o
                0x0000000020000000                next_state
 *fill*         0x0000000020000001        0x3 
 .data.SystemCoreClock
                0x0000000020000004        0x4 ./Core/Src/system_stm32f0xx.o
                0x0000000020000004                SystemCoreClock
 .data.AckNak   0x0000000020000008        0x1 ./Core/Src/uart_command.o
                0x0000000020000008                AckNak
 .data.uwTickFreq
                0x0000000020000009        0x1 ./Drivers/STM32F0xx_HAL_Driver/Src/stm32f0xx_hal.o
                0x0000000020000009                uwTickFreq
 *fill*         0x000000002000000a        0x2 
 .data.uwTickPrio
                0x000000002000000c        0x4 ./Drivers/STM32F0xx_HAL_Driver/Src/stm32f0xx_hal.o
                0x000000002000000c                uwTickPrio
 *(.RamFunc)
 *(.RamFunc*)
                0x0000000020000010                . = ALIGN (0x4)
                0x0000000020000010                _edata = .

.igot.plt       0x0000000020000010        0x0 load address 0x0000000008002450
 .igot.plt      0x0000000020000010        0x0 e:/stm32 folder/exe/new folder/stm32cubeide_1.7.0/stm32cubeide/plugins/com.st.stm32cube.ide.mcu.externaltools.gnu-tools-for-stm32.9-2020-q2-update.win32_2.0.0.202105311346/tools/bin/../lib/gcc/arm-none-eabi/9.3.1/thumb/v6-m/nofp/crtbegin.o
                0x0000000020000010                . = ALIGN (0x4)

.bss            0x0000000020000010      0x1e4 load address 0x0000000008002450
                0x0000000020000010                _sbss = .
                0x0000000020000010                __bss_start__ = _sbss
 *(.bss)
 .bss           0x0000000020000010       0x1c e:/stm32 folder/exe/new folder/stm32cubeide_1.7.0/stm32cubeide/plugins/com.st.stm32cube.ide.mcu.externaltools.gnu-tools-for-stm32.9-2020-q2-update.win32_2.0.0.202105311346/tools/bin/../lib/gcc/arm-none-eabi/9.3.1/thumb/v6-m/nofp/crtbegin.o
 *(.bss*)
 .bss.FLow_reading_state
                0x000000002000002c        0x1 ./Core/Src/main.o
                0x000000002000002c                FLow_reading_state
 .bss.Valve_mode
                0x000000002000002d        0x1 ./Core/Src/main.o
                0x000000002000002d                Valve_mode
 .bss.Valve_state
                0x000000002000002e        0x1 ./Core/Src/main.o
                0x000000002000002e                Valve_state
 .bss.Zw_connect_status
                0x000000002000002f        0x1 ./Core/Src/main.o
                0x000000002000002f                Zw_connect_status
 .bss.leak_state
                0x0000000020000030        0x1 ./Core/Src/main.o
                0x0000000020000030                leak_state
 .bss.AckNakNeeded
                0x0000000020000031        0x1 ./Core/Src/uart_command.o
                0x0000000020000031                AckNakNeeded
 .bss.con_state
                0x0000000020000032        0x1 ./Core/Src/uart_command.o
                0x0000000020000032                con_state
 .bss.retval.7411
                0x0000000020000033        0x1 ./Core/Src/uart_command.o
 *(COMMON)
 COMMON         0x0000000020000034       0x84 ./Core/Src/gpio.o
                0x0000000020000034                huart1
 COMMON         0x00000000200000b8      0x135 ./Core/Src/main.o
                0x00000000200000b8                Flow_pulse_value
                0x00000000200000bc                cmd_ready
                0x00000000200000bd                bChecksum_RX
                0x00000000200000be                rx_receive
                0x00000000200000c4                buffer
                0x00000000200000cb                STATE_APP
                0x00000000200000cc                serBuf
                0x0000000020000180                htim1
                0x00000000200001c8                Meter_scale_value
                0x00000000200001c9                Meter_mode
                0x00000000200001ca                uart_cmd
                0x00000000200001da                serBufLen
                0x00000000200001db                Meter_value
                0x00000000200001dc                VALVE_MODE
                0x00000000200001dd                cmd
 *fill*         0x00000000200001ed        0x3 
 COMMON         0x00000000200001f0        0x4 ./Drivers/STM32F0xx_HAL_Driver/Src/stm32f0xx_hal.o
                0x00000000200001f0                uwTick
                0x00000000200001f4                . = ALIGN (0x4)
                0x00000000200001f4                _ebss = .
                0x00000000200001f4                __bss_end__ = _ebss

._user_heap_stack
                0x00000000200001f4      0x604 load address 0x0000000008002450
                0x00000000200001f8                . = ALIGN (0x8)
 *fill*         0x00000000200001f4        0x4 
                [!provide]                        PROVIDE (end = .)
                0x00000000200001f8                PROVIDE (_end = .)
                0x00000000200003f8                . = (. + _Min_Heap_Size)
 *fill*         0x00000000200001f8      0x200 
                0x00000000200007f8                . = (. + _Min_Stack_Size)
 *fill*         0x00000000200003f8      0x400 
                0x00000000200007f8                . = ALIGN (0x8)

/DISCARD/
 libc.a(*)
 libm.a(*)
 libgcc.a(*)

.ARM.attributes
                0x0000000000000000       0x28
 *(.ARM.attributes)
 .ARM.attributes
                0x0000000000000000       0x1e e:/stm32 folder/exe/new folder/stm32cubeide_1.7.0/stm32cubeide/plugins/com.st.stm32cube.ide.mcu.externaltools.gnu-tools-for-stm32.9-2020-q2-update.win32_2.0.0.202105311346/tools/bin/../lib/gcc/arm-none-eabi/9.3.1/thumb/v6-m/nofp/crti.o
 .ARM.attributes
                0x000000000000001e       0x2c e:/stm32 folder/exe/new folder/stm32cubeide_1.7.0/stm32cubeide/plugins/com.st.stm32cube.ide.mcu.externaltools.gnu-tools-for-stm32.9-2020-q2-update.win32_2.0.0.202105311346/tools/bin/../lib/gcc/arm-none-eabi/9.3.1/thumb/v6-m/nofp/crtbegin.o
 .ARM.attributes
                0x000000000000004a       0x31 ./Core/Src/gpio.o
 .ARM.attributes
                0x000000000000007b       0x2c ./Core/Src/main.o
 .ARM.attributes
                0x00000000000000a7       0x2c ./Core/Src/stm32f0xx_hal_msp.o
 .ARM.attributes
                0x00000000000000d3       0x2c ./Core/Src/stm32f0xx_it.o
 .ARM.attributes
                0x00000000000000ff       0x2c ./Core/Src/system_stm32f0xx.o
 .ARM.attributes
                0x000000000000012b       0x2c ./Core/Src/uart_command.o
 .ARM.attributes
                0x0000000000000157       0x21 ./Core/Startup/startup_stm32f030f4px.o
 .ARM.attributes
                0x0000000000000178       0x2c ./Drivers/STM32F0xx_HAL_Driver/Src/stm32f0xx_hal.o
 .ARM.attributes
                0x00000000000001a4       0x2c ./Drivers/STM32F0xx_HAL_Driver/Src/stm32f0xx_hal_cortex.o
 .ARM.attributes
                0x00000000000001d0       0x2c ./Drivers/STM32F0xx_HAL_Driver/Src/stm32f0xx_hal_dma.o
 .ARM.attributes
                0x00000000000001fc       0x2c ./Drivers/STM32F0xx_HAL_Driver/Src/stm32f0xx_hal_gpio.o
 .ARM.attributes
                0x0000000000000228       0x2c ./Drivers/STM32F0xx_HAL_Driver/Src/stm32f0xx_hal_rcc.o
 .ARM.attributes
                0x0000000000000254       0x2c ./Drivers/STM32F0xx_HAL_Driver/Src/stm32f0xx_hal_rcc_ex.o
 .ARM.attributes
                0x0000000000000280       0x2c ./Drivers/STM32F0xx_HAL_Driver/Src/stm32f0xx_hal_tim.o
 .ARM.attributes
                0x00000000000002ac       0x2c ./Drivers/STM32F0xx_HAL_Driver/Src/stm32f0xx_hal_tim_ex.o
 .ARM.attributes
                0x00000000000002d8       0x2c ./Drivers/STM32F0xx_HAL_Driver/Src/stm32f0xx_hal_uart.o
 .ARM.attributes
                0x0000000000000304       0x2c e:/stm32 folder/exe/new folder/stm32cubeide_1.7.0/stm32cubeide/plugins/com.st.stm32cube.ide.mcu.externaltools.gnu-tools-for-stm32.9-2020-q2-update.win32_2.0.0.202105311346/tools/bin/../lib/gcc/arm-none-eabi/9.3.1/../../../../arm-none-eabi/lib/thumb/v6-m/nofp\libc_nano.a(lib_a-init.o)
 .ARM.attributes
                0x0000000000000330       0x2c e:/stm32 folder/exe/new folder/stm32cubeide_1.7.0/stm32cubeide/plugins/com.st.stm32cube.ide.mcu.externaltools.gnu-tools-for-stm32.9-2020-q2-update.win32_2.0.0.202105311346/tools/bin/../lib/gcc/arm-none-eabi/9.3.1/../../../../arm-none-eabi/lib/thumb/v6-m/nofp\libc_nano.a(lib_a-memcpy-stub.o)
 .ARM.attributes
                0x000000000000035c       0x2c e:/stm32 folder/exe/new folder/stm32cubeide_1.7.0/stm32cubeide/plugins/com.st.stm32cube.ide.mcu.externaltools.gnu-tools-for-stm32.9-2020-q2-update.win32_2.0.0.202105311346/tools/bin/../lib/gcc/arm-none-eabi/9.3.1/../../../../arm-none-eabi/lib/thumb/v6-m/nofp\libc_nano.a(lib_a-memset.o)
 .ARM.attributes
                0x0000000000000388       0x1e e:/stm32 folder/exe/new folder/stm32cubeide_1.7.0/stm32cubeide/plugins/com.st.stm32cube.ide.mcu.externaltools.gnu-tools-for-stm32.9-2020-q2-update.win32_2.0.0.202105311346/tools/bin/../lib/gcc/arm-none-eabi/9.3.1/thumb/v6-m/nofp\libgcc.a(_thumb1_case_sqi.o)
 .ARM.attributes
                0x00000000000003a6       0x1e e:/stm32 folder/exe/new folder/stm32cubeide_1.7.0/stm32cubeide/plugins/com.st.stm32cube.ide.mcu.externaltools.gnu-tools-for-stm32.9-2020-q2-update.win32_2.0.0.202105311346/tools/bin/../lib/gcc/arm-none-eabi/9.3.1/thumb/v6-m/nofp\libgcc.a(_thumb1_case_uqi.o)
 .ARM.attributes
                0x00000000000003c4       0x1e e:/stm32 folder/exe/new folder/stm32cubeide_1.7.0/stm32cubeide/plugins/com.st.stm32cube.ide.mcu.externaltools.gnu-tools-for-stm32.9-2020-q2-update.win32_2.0.0.202105311346/tools/bin/../lib/gcc/arm-none-eabi/9.3.1/thumb/v6-m/nofp\libgcc.a(_thumb1_case_uhi.o)
 .ARM.attributes
                0x00000000000003e2       0x1e e:/stm32 folder/exe/new folder/stm32cubeide_1.7.0/stm32cubeide/plugins/com.st.stm32cube.ide.mcu.externaltools.gnu-tools-for-stm32.9-2020-q2-update.win32_2.0.0.202105311346/tools/bin/../lib/gcc/arm-none-eabi/9.3.1/thumb/v6-m/nofp\libgcc.a(_udivsi3.o)
 .ARM.attributes
                0x0000000000000400       0x1e e:/stm32 folder/exe/new folder/stm32cubeide_1.7.0/stm32cubeide/plugins/com.st.stm32cube.ide.mcu.externaltools.gnu-tools-for-stm32.9-2020-q2-update.win32_2.0.0.202105311346/tools/bin/../lib/gcc/arm-none-eabi/9.3.1/thumb/v6-m/nofp\libgcc.a(_dvmd_tls.o)
 .ARM.attributes
                0x000000000000041e       0x1e e:/stm32 folder/exe/new folder/stm32cubeide_1.7.0/stm32cubeide/plugins/com.st.stm32cube.ide.mcu.externaltools.gnu-tools-for-stm32.9-2020-q2-update.win32_2.0.0.202105311346/tools/bin/../lib/gcc/arm-none-eabi/9.3.1/thumb/v6-m/nofp/crtn.o
OUTPUT(Valve_control2.elf elf32-littlearm)
LOAD linker stubs
LOAD e:/stm32 folder/exe/new folder/stm32cubeide_1.7.0/stm32cubeide/plugins/com.st.stm32cube.ide.mcu.externaltools.gnu-tools-for-stm32.9-2020-q2-update.win32_2.0.0.202105311346/tools/bin/../lib/gcc/arm-none-eabi/9.3.1/../../../../arm-none-eabi/lib/thumb/v6-m/nofp\libc.a
LOAD e:/stm32 folder/exe/new folder/stm32cubeide_1.7.0/stm32cubeide/plugins/com.st.stm32cube.ide.mcu.externaltools.gnu-tools-for-stm32.9-2020-q2-update.win32_2.0.0.202105311346/tools/bin/../lib/gcc/arm-none-eabi/9.3.1/../../../../arm-none-eabi/lib/thumb/v6-m/nofp\libm.a
LOAD e:/stm32 folder/exe/new folder/stm32cubeide_1.7.0/stm32cubeide/plugins/com.st.stm32cube.ide.mcu.externaltools.gnu-tools-for-stm32.9-2020-q2-update.win32_2.0.0.202105311346/tools/bin/../lib/gcc/arm-none-eabi/9.3.1/thumb/v6-m/nofp\libgcc.a

.debug_info     0x0000000000000000    0x139c2
 .debug_info    0x0000000000000000      0x6e6 ./Core/Src/gpio.o
 .debug_info    0x00000000000006e6     0x2aaf ./Core/Src/main.o
 .debug_info    0x0000000000003195      0xed0 ./Core/Src/stm32f0xx_hal_msp.o
 .debug_info    0x0000000000004065      0x7cc ./Core/Src/stm32f0xx_it.o
 .debug_info    0x0000000000004831      0x2d7 ./Core/Src/system_stm32f0xx.o
 .debug_info    0x0000000000004b08     0x1444 ./Core/Src/uart_command.o
 .debug_info    0x0000000000005f4c       0x22 ./Core/Startup/startup_stm32f030f4px.o
 .debug_info    0x0000000000005f6e      0x79b ./Drivers/STM32F0xx_HAL_Driver/Src/stm32f0xx_hal.o
 .debug_info    0x0000000000006709      0x949 ./Drivers/STM32F0xx_HAL_Driver/Src/stm32f0xx_hal_cortex.o
 .debug_info    0x0000000000007052      0x970 ./Drivers/STM32F0xx_HAL_Driver/Src/stm32f0xx_hal_dma.o
 .debug_info    0x00000000000079c2      0x715 ./Drivers/STM32F0xx_HAL_Driver/Src/stm32f0xx_hal_gpio.o
 .debug_info    0x00000000000080d7      0xb03 ./Drivers/STM32F0xx_HAL_Driver/Src/stm32f0xx_hal_rcc.o
 .debug_info    0x0000000000008bda      0x484 ./Drivers/STM32F0xx_HAL_Driver/Src/stm32f0xx_hal_rcc_ex.o
 .debug_info    0x000000000000905e     0x4256 ./Drivers/STM32F0xx_HAL_Driver/Src/stm32f0xx_hal_tim.o
 .debug_info    0x000000000000d2b4     0x1956 ./Drivers/STM32F0xx_HAL_Driver/Src/stm32f0xx_hal_tim_ex.o
 .debug_info    0x000000000000ec0a     0x4db8 ./Drivers/STM32F0xx_HAL_Driver/Src/stm32f0xx_hal_uart.o

.debug_abbrev   0x0000000000000000     0x26f6
 .debug_abbrev  0x0000000000000000      0x14f ./Core/Src/gpio.o
 .debug_abbrev  0x000000000000014f      0x4b2 ./Core/Src/main.o
 .debug_abbrev  0x0000000000000601      0x222 ./Core/Src/stm32f0xx_hal_msp.o
 .debug_abbrev  0x0000000000000823      0x1ec ./Core/Src/stm32f0xx_it.o
 .debug_abbrev  0x0000000000000a0f      0x14b ./Core/Src/system_stm32f0xx.o
 .debug_abbrev  0x0000000000000b5a      0x2bf ./Core/Src/uart_command.o
 .debug_abbrev  0x0000000000000e19       0x12 ./Core/Startup/startup_stm32f030f4px.o
 .debug_abbrev  0x0000000000000e2b      0x2af ./Drivers/STM32F0xx_HAL_Driver/Src/stm32f0xx_hal.o
 .debug_abbrev  0x00000000000010da      0x2ab ./Drivers/STM32F0xx_HAL_Driver/Src/stm32f0xx_hal_cortex.o
 .debug_abbrev  0x0000000000001385      0x261 ./Drivers/STM32F0xx_HAL_Driver/Src/stm32f0xx_hal_dma.o
 .debug_abbrev  0x00000000000015e6      0x214 ./Drivers/STM32F0xx_HAL_Driver/Src/stm32f0xx_hal_gpio.o
 .debug_abbrev  0x00000000000017fa      0x2b1 ./Drivers/STM32F0xx_HAL_Driver/Src/stm32f0xx_hal_rcc.o
 .debug_abbrev  0x0000000000001aab      0x1ea ./Drivers/STM32F0xx_HAL_Driver/Src/stm32f0xx_hal_rcc_ex.o
 .debug_abbrev  0x0000000000001c95      0x3a1 ./Drivers/STM32F0xx_HAL_Driver/Src/stm32f0xx_hal_tim.o
 .debug_abbrev  0x0000000000002036      0x2f8 ./Drivers/STM32F0xx_HAL_Driver/Src/stm32f0xx_hal_tim_ex.o
 .debug_abbrev  0x000000000000232e      0x3c8 ./Drivers/STM32F0xx_HAL_Driver/Src/stm32f0xx_hal_uart.o

.debug_aranges  0x0000000000000000      0x9f0
 .debug_aranges
                0x0000000000000000       0x18 ./Core/Src/gpio.o
 .debug_aranges
                0x0000000000000018       0x90 ./Core/Src/main.o
 .debug_aranges
                0x00000000000000a8       0x40 ./Core/Src/stm32f0xx_hal_msp.o
 .debug_aranges
                0x00000000000000e8       0x48 ./Core/Src/stm32f0xx_it.o
 .debug_aranges
                0x0000000000000130       0x28 ./Core/Src/system_stm32f0xx.o
 .debug_aranges
                0x0000000000000158       0x30 ./Core/Src/uart_command.o
 .debug_aranges
                0x0000000000000188       0x28 ./Core/Startup/startup_stm32f030f4px.o
 .debug_aranges
                0x00000000000001b0       0xc8 ./Drivers/STM32F0xx_HAL_Driver/Src/stm32f0xx_hal.o
 .debug_aranges
                0x0000000000000278       0x78 ./Drivers/STM32F0xx_HAL_Driver/Src/stm32f0xx_hal_cortex.o
 .debug_aranges
                0x00000000000002f0       0x78 ./Drivers/STM32F0xx_HAL_Driver/Src/stm32f0xx_hal_dma.o
 .debug_aranges
                0x0000000000000368       0x58 ./Drivers/STM32F0xx_HAL_Driver/Src/stm32f0xx_hal_gpio.o
 .debug_aranges
                0x00000000000003c0       0x80 ./Drivers/STM32F0xx_HAL_Driver/Src/stm32f0xx_hal_rcc.o
 .debug_aranges
                0x0000000000000440       0x30 ./Drivers/STM32F0xx_HAL_Driver/Src/stm32f0xx_hal_rcc_ex.o
 .debug_aranges
                0x0000000000000470      0x298 ./Drivers/STM32F0xx_HAL_Driver/Src/stm32f0xx_hal_tim.o
 .debug_aranges
                0x0000000000000708      0x118 ./Drivers/STM32F0xx_HAL_Driver/Src/stm32f0xx_hal_tim_ex.o
 .debug_aranges
                0x0000000000000820      0x1d0 ./Drivers/STM32F0xx_HAL_Driver/Src/stm32f0xx_hal_uart.o

.debug_macro    0x0000000000000000    0x10c13
 .debug_macro   0x0000000000000000      0x1e2 ./Core/Src/gpio.o
 .debug_macro   0x00000000000001e2      0xa84 ./Core/Src/gpio.o
 .debug_macro   0x0000000000000c66       0x2e ./Core/Src/gpio.o
 .debug_macro   0x0000000000000c94       0x22 ./Core/Src/gpio.o
 .debug_macro   0x0000000000000cb6       0x22 ./Core/Src/gpio.o
 .debug_macro   0x0000000000000cd8       0x8e ./Core/Src/gpio.o
 .debug_macro   0x0000000000000d66       0x51 ./Core/Src/gpio.o
 .debug_macro   0x0000000000000db7      0x103 ./Core/Src/gpio.o
 .debug_macro   0x0000000000000eba       0x6a ./Core/Src/gpio.o
 .debug_macro   0x0000000000000f24      0x1df ./Core/Src/gpio.o
 .debug_macro   0x0000000000001103       0x1c ./Core/Src/gpio.o
 .debug_macro   0x000000000000111f       0x22 ./Core/Src/gpio.o
 .debug_macro   0x0000000000001141       0xb5 ./Core/Src/gpio.o
 .debug_macro   0x00000000000011f6      0x391 ./Core/Src/gpio.o
 .debug_macro   0x0000000000001587     0x6e67 ./Core/Src/gpio.o
 .debug_macro   0x00000000000083ee       0x66 ./Core/Src/gpio.o
 .debug_macro   0x0000000000008454      0x133 ./Core/Src/gpio.o
 .debug_macro   0x0000000000008587     0x34a6 ./Core/Src/gpio.o
 .debug_macro   0x000000000000ba2d      0x174 ./Core/Src/gpio.o
 .debug_macro   0x000000000000bba1       0x55 ./Core/Src/gpio.o
 .debug_macro   0x000000000000bbf6      0x924 ./Core/Src/gpio.o
 .debug_macro   0x000000000000c51a       0xe5 ./Core/Src/gpio.o
 .debug_macro   0x000000000000c5ff      0x1af ./Core/Src/gpio.o
 .debug_macro   0x000000000000c7ae       0xb3 ./Core/Src/gpio.o
 .debug_macro   0x000000000000c861      0x1a0 ./Core/Src/gpio.o
 .debug_macro   0x000000000000ca01      0x1ed ./Core/Src/gpio.o
 .debug_macro   0x000000000000cbee       0x34 ./Core/Src/gpio.o
 .debug_macro   0x000000000000cc22       0x43 ./Core/Src/gpio.o
 .debug_macro   0x000000000000cc65       0x28 ./Core/Src/gpio.o
 .debug_macro   0x000000000000cc8d       0xb0 ./Core/Src/gpio.o
 .debug_macro   0x000000000000cd3d      0x15a ./Core/Src/gpio.o
 .debug_macro   0x000000000000ce97      0x22c ./Core/Src/gpio.o
 .debug_macro   0x000000000000d0c3       0x61 ./Core/Src/gpio.o
 .debug_macro   0x000000000000d124       0xa5 ./Core/Src/gpio.o
 .debug_macro   0x000000000000d1c9       0x4c ./Core/Src/gpio.o
 .debug_macro   0x000000000000d215       0x2b ./Core/Src/gpio.o
 .debug_macro   0x000000000000d240      0x8d8 ./Core/Src/gpio.o
 .debug_macro   0x000000000000db18       0x28 ./Core/Src/gpio.o
 .debug_macro   0x000000000000db40      0x55f ./Core/Src/gpio.o
 .debug_macro   0x000000000000e09f       0x3e ./Core/Src/gpio.o
 .debug_macro   0x000000000000e0dd       0xf1 ./Core/Src/gpio.o
 .debug_macro   0x000000000000e1ce       0x58 ./Core/Src/gpio.o
 .debug_macro   0x000000000000e226      0x392 ./Core/Src/main.o
 .debug_macro   0x000000000000e5b8      0x299 ./Core/Src/main.o
 .debug_macro   0x000000000000e851       0x52 ./Core/Src/main.o
 .debug_macro   0x000000000000e8a3       0x18 ./Core/Src/main.o
 .debug_macro   0x000000000000e8bb       0x3c ./Core/Src/main.o
 .debug_macro   0x000000000000e8f7       0x34 ./Core/Src/main.o
 .debug_macro   0x000000000000e92b       0x16 ./Core/Src/main.o
 .debug_macro   0x000000000000e941       0x43 ./Core/Src/main.o
 .debug_macro   0x000000000000e984       0x34 ./Core/Src/main.o
 .debug_macro   0x000000000000e9b8       0x10 ./Core/Src/main.o
 .debug_macro   0x000000000000e9c8       0x58 ./Core/Src/main.o
 .debug_macro   0x000000000000ea20       0x71 ./Core/Src/main.o
 .debug_macro   0x000000000000ea91       0x1c ./Core/Src/main.o
 .debug_macro   0x000000000000eaad      0x12a ./Core/Src/main.o
 .debug_macro   0x000000000000ebd7      0x333 ./Core/Src/main.o
 .debug_macro   0x000000000000ef0a       0x10 ./Core/Src/main.o
 .debug_macro   0x000000000000ef1a       0x35 ./Core/Src/main.o
 .debug_macro   0x000000000000ef4f       0x20 ./Core/Src/main.o
 .debug_macro   0x000000000000ef6f       0x1c ./Core/Src/main.o
 .debug_macro   0x000000000000ef8b       0x10 ./Core/Src/main.o
 .debug_macro   0x000000000000ef9b       0x10 ./Core/Src/main.o
 .debug_macro   0x000000000000efab       0x1c ./Core/Src/main.o
 .debug_macro   0x000000000000efc7       0x52 ./Core/Src/main.o
 .debug_macro   0x000000000000f019       0x22 ./Core/Src/main.o
 .debug_macro   0x000000000000f03b       0x10 ./Core/Src/main.o
 .debug_macro   0x000000000000f04b       0x40 ./Core/Src/main.o
 .debug_macro   0x000000000000f08b       0xd5 ./Core/Src/main.o
 .debug_macro   0x000000000000f160       0x1c ./Core/Src/main.o
 .debug_macro   0x000000000000f17c       0x3d ./Core/Src/main.o
 .debug_macro   0x000000000000f1b9       0x16 ./Core/Src/main.o
 .debug_macro   0x000000000000f1cf      0x145 ./Core/Src/main.o
 .debug_macro   0x000000000000f314      0x1cb ./Core/Src/stm32f0xx_hal_msp.o
 .debug_macro   0x000000000000f4df      0x1d5 ./Core/Src/stm32f0xx_it.o
 .debug_macro   0x000000000000f6b4      0x1c1 ./Core/Src/system_stm32f0xx.o
 .debug_macro   0x000000000000f875      0x37a ./Core/Src/uart_command.o
 .debug_macro   0x000000000000fbef      0x1e5 ./Drivers/STM32F0xx_HAL_Driver/Src/stm32f0xx_hal.o
 .debug_macro   0x000000000000fdd4      0x1c1 ./Drivers/STM32F0xx_HAL_Driver/Src/stm32f0xx_hal_cortex.o
 .debug_macro   0x000000000000ff95      0x1c1 ./Drivers/STM32F0xx_HAL_Driver/Src/stm32f0xx_hal_dma.o
 .debug_macro   0x0000000000010156      0x1c8 ./Drivers/STM32F0xx_HAL_Driver/Src/stm32f0xx_hal_gpio.o
 .debug_macro   0x000000000001031e      0x1d3 ./Drivers/STM32F0xx_HAL_Driver/Src/stm32f0xx_hal_rcc.o
 .debug_macro   0x00000000000104f1      0x1c1 ./Drivers/STM32F0xx_HAL_Driver/Src/stm32f0xx_hal_rcc_ex.o
 .debug_macro   0x00000000000106b2      0x1c2 ./Drivers/STM32F0xx_HAL_Driver/Src/stm32f0xx_hal_tim.o
 .debug_macro   0x0000000000010874      0x1c1 ./Drivers/STM32F0xx_HAL_Driver/Src/stm32f0xx_hal_tim_ex.o
 .debug_macro   0x0000000000010a35      0x1de ./Drivers/STM32F0xx_HAL_Driver/Src/stm32f0xx_hal_uart.o

.debug_line     0x0000000000000000    0x14a2b
 .debug_line    0x0000000000000000      0x897 ./Core/Src/gpio.o
 .debug_line    0x0000000000000897     0x15fd ./Core/Src/main.o
 .debug_line    0x0000000000001e94      0x9be ./Core/Src/stm32f0xx_hal_msp.o
 .debug_line    0x0000000000002852      0x94d ./Core/Src/stm32f0xx_it.o
 .debug_line    0x000000000000319f      0x935 ./Core/Src/system_stm32f0xx.o
 .debug_line    0x0000000000003ad4      0xdc4 ./Core/Src/uart_command.o
 .debug_line    0x0000000000004898       0x89 ./Core/Startup/startup_stm32f030f4px.o
 .debug_line    0x0000000000004921      0xc04 ./Drivers/STM32F0xx_HAL_Driver/Src/stm32f0xx_hal.o
 .debug_line    0x0000000000005525      0xc11 ./Drivers/STM32F0xx_HAL_Driver/Src/stm32f0xx_hal_cortex.o
 .debug_line    0x0000000000006136     0x116a ./Drivers/STM32F0xx_HAL_Driver/Src/stm32f0xx_hal_dma.o
 .debug_line    0x00000000000072a0      0xd64 ./Drivers/STM32F0xx_HAL_Driver/Src/stm32f0xx_hal_gpio.o
 .debug_line    0x0000000000008004     0x1372 ./Drivers/STM32F0xx_HAL_Driver/Src/stm32f0xx_hal_rcc.o
 .debug_line    0x0000000000009376      0xb48 ./Drivers/STM32F0xx_HAL_Driver/Src/stm32f0xx_hal_rcc_ex.o
 .debug_line    0x0000000000009ebe     0x4cd4 ./Drivers/STM32F0xx_HAL_Driver/Src/stm32f0xx_hal_tim.o
 .debug_line    0x000000000000eb92     0x1d59 ./Drivers/STM32F0xx_HAL_Driver/Src/stm32f0xx_hal_tim_ex.o
 .debug_line    0x00000000000108eb     0x4140 ./Drivers/STM32F0xx_HAL_Driver/Src/stm32f0xx_hal_uart.o

.debug_str      0x0000000000000000    0x64df5
 .debug_str     0x0000000000000000    0x5d0cd ./Core/Src/gpio.o
                                      0x5d397 (size before relaxing)
 .debug_str     0x000000000005d0cd     0x552a ./Core/Src/main.o
                                      0x62a97 (size before relaxing)
 .debug_str     0x00000000000625f7       0xaa ./Core/Src/stm32f0xx_hal_msp.o
                                      0x5d80d (size before relaxing)
 .debug_str     0x00000000000626a1       0xb0 ./Core/Src/stm32f0xx_it.o
                                      0x5d2ff (size before relaxing)
 .debug_str     0x0000000000062751       0x5f ./Core/Src/system_stm32f0xx.o
                                      0x5cecc (size before relaxing)
 .debug_str     0x00000000000627b0      0x104 ./Core/Src/uart_command.o
                                      0x61fde (size before relaxing)
 .debug_str     0x00000000000628b4       0x6d ./Core/Startup/startup_stm32f030f4px.o
 .debug_str     0x0000000000062921      0x30b ./Drivers/STM32F0xx_HAL_Driver/Src/stm32f0xx_hal.o
                                      0x5d3cb (size before relaxing)
 .debug_str     0x0000000000062c2c      0x1a1 ./Drivers/STM32F0xx_HAL_Driver/Src/stm32f0xx_hal_cortex.o
                                      0x5d257 (size before relaxing)
 .debug_str     0x0000000000062dcd      0x248 ./Drivers/STM32F0xx_HAL_Driver/Src/stm32f0xx_hal_dma.o
                                      0x5d2b0 (size before relaxing)
 .debug_str     0x0000000000063015       0xd7 ./Drivers/STM32F0xx_HAL_Driver/Src/stm32f0xx_hal_gpio.o
                                      0x5d0ab (size before relaxing)
 .debug_str     0x00000000000630ec      0x22b ./Drivers/STM32F0xx_HAL_Driver/Src/stm32f0xx_hal_rcc.o
                                      0x5d315 (size before relaxing)
 .debug_str     0x0000000000063317       0x97 ./Drivers/STM32F0xx_HAL_Driver/Src/stm32f0xx_hal_rcc_ex.o
                                      0x5d041 (size before relaxing)
 .debug_str     0x00000000000633ae      0xdad ./Drivers/STM32F0xx_HAL_Driver/Src/stm32f0xx_hal_tim.o
                                      0x5e2da (size before relaxing)
 .debug_str     0x000000000006415b      0x4b0 ./Drivers/STM32F0xx_HAL_Driver/Src/stm32f0xx_hal_tim_ex.o
                                      0x5dadb (size before relaxing)
 .debug_str     0x000000000006460b      0x7ea ./Drivers/STM32F0xx_HAL_Driver/Src/stm32f0xx_hal_uart.o
                                      0x5dbe9 (size before relaxing)

.comment        0x0000000000000000       0x53
 .comment       0x0000000000000000       0x53 ./Core/Src/gpio.o
                                         0x54 (size before relaxing)
 .comment       0x0000000000000053       0x54 ./Core/Src/main.o
 .comment       0x0000000000000053       0x54 ./Core/Src/stm32f0xx_hal_msp.o
 .comment       0x0000000000000053       0x54 ./Core/Src/stm32f0xx_it.o
 .comment       0x0000000000000053       0x54 ./Core/Src/system_stm32f0xx.o
 .comment       0x0000000000000053       0x54 ./Core/Src/uart_command.o
 .comment       0x0000000000000053       0x54 ./Drivers/STM32F0xx_HAL_Driver/Src/stm32f0xx_hal.o
 .comment       0x0000000000000053       0x54 ./Drivers/STM32F0xx_HAL_Driver/Src/stm32f0xx_hal_cortex.o
 .comment       0x0000000000000053       0x54 ./Drivers/STM32F0xx_HAL_Driver/Src/stm32f0xx_hal_dma.o
 .comment       0x0000000000000053       0x54 ./Drivers/STM32F0xx_HAL_Driver/Src/stm32f0xx_hal_gpio.o
 .comment       0x0000000000000053       0x54 ./Drivers/STM32F0xx_HAL_Driver/Src/stm32f0xx_hal_rcc.o
 .comment       0x0000000000000053       0x54 ./Drivers/STM32F0xx_HAL_Driver/Src/stm32f0xx_hal_rcc_ex.o
 .comment       0x0000000000000053       0x54 ./Drivers/STM32F0xx_HAL_Driver/Src/stm32f0xx_hal_tim.o
 .comment       0x0000000000000053       0x54 ./Drivers/STM32F0xx_HAL_Driver/Src/stm32f0xx_hal_tim_ex.o
 .comment       0x0000000000000053       0x54 ./Drivers/STM32F0xx_HAL_Driver/Src/stm32f0xx_hal_uart.o

.debug_loc      0x0000000000000000     0xbcf6
 .debug_loc     0x0000000000000000      0x446 ./Core/Src/main.o
 .debug_loc     0x0000000000000446       0x7c ./Core/Src/stm32f0xx_hal_msp.o
 .debug_loc     0x00000000000004c2      0x14d ./Core/Src/system_stm32f0xx.o
 .debug_loc     0x000000000000060f      0x108 ./Core/Src/uart_command.o
 .debug_loc     0x0000000000000717      0x10d ./Drivers/STM32F0xx_HAL_Driver/Src/stm32f0xx_hal.o
 .debug_loc     0x0000000000000824      0x44f ./Drivers/STM32F0xx_HAL_Driver/Src/stm32f0xx_hal_cortex.o
 .debug_loc     0x0000000000000c73      0x86b ./Drivers/STM32F0xx_HAL_Driver/Src/stm32f0xx_hal_dma.o
 .debug_loc     0x00000000000014de      0x381 ./Drivers/STM32F0xx_HAL_Driver/Src/stm32f0xx_hal_gpio.o
 .debug_loc     0x000000000000185f      0x5ba ./Drivers/STM32F0xx_HAL_Driver/Src/stm32f0xx_hal_rcc.o
 .debug_loc     0x0000000000001e19      0x2cf ./Drivers/STM32F0xx_HAL_Driver/Src/stm32f0xx_hal_rcc_ex.o
 .debug_loc     0x00000000000020e8     0x53d4 ./Drivers/STM32F0xx_HAL_Driver/Src/stm32f0xx_hal_tim.o
 .debug_loc     0x00000000000074bc     0x1673 ./Drivers/STM32F0xx_HAL_Driver/Src/stm32f0xx_hal_tim_ex.o
 .debug_loc     0x0000000000008b2f     0x31c7 ./Drivers/STM32F0xx_HAL_Driver/Src/stm32f0xx_hal_uart.o

.debug_ranges   0x0000000000000000     0x1168
 .debug_ranges  0x0000000000000000      0x228 ./Core/Src/main.o
 .debug_ranges  0x0000000000000228       0xd0 ./Core/Src/stm32f0xx_hal_msp.o
 .debug_ranges  0x00000000000002f8       0x38 ./Core/Src/stm32f0xx_it.o
 .debug_ranges  0x0000000000000330       0x18 ./Core/Src/system_stm32f0xx.o
 .debug_ranges  0x0000000000000348       0x20 ./Core/Src/uart_command.o
 .debug_ranges  0x0000000000000368       0x20 ./Core/Startup/startup_stm32f030f4px.o
 .debug_ranges  0x0000000000000388       0xb8 ./Drivers/STM32F0xx_HAL_Driver/Src/stm32f0xx_hal.o
 .debug_ranges  0x0000000000000440      0x100 ./Drivers/STM32F0xx_HAL_Driver/Src/stm32f0xx_hal_cortex.o
 .debug_ranges  0x0000000000000540       0xe8 ./Drivers/STM32F0xx_HAL_Driver/Src/stm32f0xx_hal_dma.o
 .debug_ranges  0x0000000000000628       0x70 ./Drivers/STM32F0xx_HAL_Driver/Src/stm32f0xx_hal_gpio.o
 .debug_ranges  0x0000000000000698       0xa0 ./Drivers/STM32F0xx_HAL_Driver/Src/stm32f0xx_hal_rcc.o
 .debug_ranges  0x0000000000000738       0x40 ./Drivers/STM32F0xx_HAL_Driver/Src/stm32f0xx_hal_rcc_ex.o
 .debug_ranges  0x0000000000000778      0x578 ./Drivers/STM32F0xx_HAL_Driver/Src/stm32f0xx_hal_tim.o
 .debug_ranges  0x0000000000000cf0      0x108 ./Drivers/STM32F0xx_HAL_Driver/Src/stm32f0xx_hal_tim_ex.o
 .debug_ranges  0x0000000000000df8      0x370 ./Drivers/STM32F0xx_HAL_Driver/Src/stm32f0xx_hal_uart.o

.debug_frame    0x0000000000000000     0x1f4c
 .debug_frame   0x0000000000000000      0x188 ./Core/Src/main.o
 .debug_frame   0x0000000000000188       0x7c ./Core/Src/stm32f0xx_hal_msp.o
 .debug_frame   0x0000000000000204       0x98 ./Core/Src/stm32f0xx_it.o
 .debug_frame   0x000000000000029c       0x3c ./Core/Src/system_stm32f0xx.o
 .debug_frame   0x00000000000002d8       0x64 ./Core/Src/uart_command.o
 .debug_frame   0x000000000000033c      0x1b4 ./Drivers/STM32F0xx_HAL_Driver/Src/stm32f0xx_hal.o
 .debug_frame   0x00000000000004f0       0xe4 ./Drivers/STM32F0xx_HAL_Driver/Src/stm32f0xx_hal_cortex.o
 .debug_frame   0x00000000000005d4      0x160 ./Drivers/STM32F0xx_HAL_Driver/Src/stm32f0xx_hal_dma.o
 .debug_frame   0x0000000000000734       0xbc ./Drivers/STM32F0xx_HAL_Driver/Src/stm32f0xx_hal_gpio.o
 .debug_frame   0x00000000000007f0      0x14c ./Drivers/STM32F0xx_HAL_Driver/Src/stm32f0xx_hal_rcc.o
 .debug_frame   0x000000000000093c       0x58 ./Drivers/STM32F0xx_HAL_Driver/Src/stm32f0xx_hal_rcc_ex.o
 .debug_frame   0x0000000000000994      0xab4 ./Drivers/STM32F0xx_HAL_Driver/Src/stm32f0xx_hal_tim.o
 .debug_frame   0x0000000000001448      0x42c ./Drivers/STM32F0xx_HAL_Driver/Src/stm32f0xx_hal_tim_ex.o
 .debug_frame   0x0000000000001874      0x644 ./Drivers/STM32F0xx_HAL_Driver/Src/stm32f0xx_hal_uart.o
 .debug_frame   0x0000000000001eb8       0x2c e:/stm32 folder/exe/new folder/stm32cubeide_1.7.0/stm32cubeide/plugins/com.st.stm32cube.ide.mcu.externaltools.gnu-tools-for-stm32.9-2020-q2-update.win32_2.0.0.202105311346/tools/bin/../lib/gcc/arm-none-eabi/9.3.1/../../../../arm-none-eabi/lib/thumb/v6-m/nofp\libc_nano.a(lib_a-init.o)
 .debug_frame   0x0000000000001ee4       0x28 e:/stm32 folder/exe/new folder/stm32cubeide_1.7.0/stm32cubeide/plugins/com.st.stm32cube.ide.mcu.externaltools.gnu-tools-for-stm32.9-2020-q2-update.win32_2.0.0.202105311346/tools/bin/../lib/gcc/arm-none-eabi/9.3.1/../../../../arm-none-eabi/lib/thumb/v6-m/nofp\libc_nano.a(lib_a-memcpy-stub.o)
 .debug_frame   0x0000000000001f0c       0x20 e:/stm32 folder/exe/new folder/stm32cubeide_1.7.0/stm32cubeide/plugins/com.st.stm32cube.ide.mcu.externaltools.gnu-tools-for-stm32.9-2020-q2-update.win32_2.0.0.202105311346/tools/bin/../lib/gcc/arm-none-eabi/9.3.1/../../../../arm-none-eabi/lib/thumb/v6-m/nofp\libc_nano.a(lib_a-memset.o)
 .debug_frame   0x0000000000001f2c       0x20 e:/stm32 folder/exe/new folder/stm32cubeide_1.7.0/stm32cubeide/plugins/com.st.stm32cube.ide.mcu.externaltools.gnu-tools-for-stm32.9-2020-q2-update.win32_2.0.0.202105311346/tools/bin/../lib/gcc/arm-none-eabi/9.3.1/thumb/v6-m/nofp\libgcc.a(_udivsi3.o)
